11:10:53:996  INFO 78288 --- [main] com.hmall.pay.PayApplication             : Starting PayApplication using Java 17.0.6 on DESKTOP-AHH2H43 with PID 78288 (C:\Users\19263\Desktop\hmall1\pay-service\target\classes started by 19263 in C:\Users\19263\Desktop\hmall1)
11:10:54:010 DEBUG 78288 --- [main] com.hmall.pay.PayApplication             : Running with Spring Boot v2.7.12, Spring v5.3.27
11:10:54:011  INFO 78288 --- [main] com.hmall.pay.PayApplication             : The following 1 profile is active: "local"
11:10:57:472  INFO 78288 --- [main] o.s.cloud.context.scope.GenericScope     : BeanFactory id=f1f7c603-370d-355e-8737-8b3123b56555
11:10:59:019  INFO 78288 --- [main] o.s.b.w.embedded.tomcat.TomcatWebServer  : Tomcat initialized with port(s): 8086 (http)
11:10:59:045  INFO 78288 --- [main] o.apache.catalina.core.StandardService   : Starting service [Tomcat]
11:10:59:046  INFO 78288 --- [main] org.apache.catalina.core.StandardEngine  : Starting Servlet engine: [Apache Tomcat/9.0.75]
11:10:59:543  INFO 78288 --- [main] o.a.c.c.C.[Tomcat].[localhost].[/]       : Initializing Spring embedded WebApplicationContext
11:10:59:544  INFO 78288 --- [main] w.s.c.ServletWebServerApplicationContext : Root WebApplicationContext: initialization completed in 5372 ms
11:11:00:126  INFO 78288 --- [main] o.s.c.openfeign.FeignClientFactoryBean   : For 'user-service' URL not provided. Will try picking an instance via load-balancing.
11:11:00:291  INFO 78288 --- [main] o.s.c.openfeign.FeignClientFactoryBean   : For 'trade-service' URL not provided. Will try picking an instance via load-balancing.
11:11:03:713  INFO 78288 --- [main] pertySourcedRequestMappingHandlerMapping : Mapped URL path [/v2/api-docs] onto method [springfox.documentation.swagger2.web.Swagger2ControllerWebMvc#getDocumentation(String, HttpServletRequest)]
11:11:05:592  INFO 78288 --- [main] com.alibaba.nacos.common.remote.client   : [RpcClientFactory] create a new rpc client of 6ab7457d-2ab9-4c16-8af9-5afa2072bdee
11:11:05:801  INFO 78288 --- [main] org.reflections.Reflections              : Reflections took 102 ms to scan 1 urls, producing 3 keys and 6 values 
11:11:05:900  INFO 78288 --- [main] org.reflections.Reflections              : Reflections took 41 ms to scan 1 urls, producing 4 keys and 9 values 
11:11:05:929  INFO 78288 --- [main] org.reflections.Reflections              : Reflections took 20 ms to scan 1 urls, producing 3 keys and 10 values 
11:11:05:934  WARN 78288 --- [main] org.reflections.Reflections              : given scan urls are empty. set urls in the configuration
11:11:05:957  INFO 78288 --- [main] org.reflections.Reflections              : Reflections took 22 ms to scan 1 urls, producing 1 keys and 5 values 
11:11:05:989  INFO 78288 --- [main] org.reflections.Reflections              : Reflections took 24 ms to scan 1 urls, producing 1 keys and 7 values 
11:11:06:017  INFO 78288 --- [main] org.reflections.Reflections              : Reflections took 21 ms to scan 1 urls, producing 2 keys and 8 values 
11:11:06:024  WARN 78288 --- [main] org.reflections.Reflections              : given scan urls are empty. set urls in the configuration
11:11:06:027  INFO 78288 --- [main] com.alibaba.nacos.common.remote.client   : [6ab7457d-2ab9-4c16-8af9-5afa2072bdee] RpcClient init label, labels = {module=naming, source=sdk}
11:11:06:033  INFO 78288 --- [main] com.alibaba.nacos.common.remote.client   : [6ab7457d-2ab9-4c16-8af9-5afa2072bdee] RpcClient init, ServerListFactory = com.alibaba.nacos.client.naming.core.ServerListManager
11:11:06:033  INFO 78288 --- [main] com.alibaba.nacos.common.remote.client   : [6ab7457d-2ab9-4c16-8af9-5afa2072bdee] Registry connection listener to current client:com.alibaba.nacos.client.naming.remote.gprc.redo.NamingGrpcRedoService
11:11:06:036  INFO 78288 --- [main] com.alibaba.nacos.common.remote.client   : [6ab7457d-2ab9-4c16-8af9-5afa2072bdee] Register server push request handler:com.alibaba.nacos.client.naming.remote.gprc.NamingPushRequestHandler
11:11:06:040  INFO 78288 --- [main] com.alibaba.nacos.common.remote.client   : [6ab7457d-2ab9-4c16-8af9-5afa2072bdee] Try to connect to server on start up, server: {serverIp = '192.168.31.23', server main port = 8848}
11:11:10:108  INFO 78288 --- [main] com.alibaba.nacos.common.remote.client   : [6ab7457d-2ab9-4c16-8af9-5afa2072bdee] Success to connect to server [192.168.31.23:8848] on start up, connectionId = 1781665869621_192.168.31.4_8002
11:11:10:109  INFO 78288 --- [com.alibaba.nacos.client.remote.worker] com.alibaba.nacos.common.remote.client   : [6ab7457d-2ab9-4c16-8af9-5afa2072bdee] Notify connected event to listeners.
11:11:10:111  INFO 78288 --- [main] com.alibaba.nacos.common.remote.client   : [6ab7457d-2ab9-4c16-8af9-5afa2072bdee] Register server push request handler:com.alibaba.nacos.common.remote.client.RpcClient$ConnectResetRequestHandler
11:11:10:111  INFO 78288 --- [main] com.alibaba.nacos.common.remote.client   : [6ab7457d-2ab9-4c16-8af9-5afa2072bdee] Register server push request handler:com.alibaba.nacos.common.remote.client.RpcClient$$Lambda$992/0x00000008013f2918
11:11:10:270  INFO 78288 --- [main] o.s.b.w.embedded.tomcat.TomcatWebServer  : Tomcat started on port(s): 8086 (http) with context path ''
11:11:10:306  INFO 78288 --- [main] c.a.c.n.registry.NacosServiceRegistry    : nacos registry, DEFAULT_GROUP pay-service 192.168.31.4:8086 register finished
11:11:10:763  INFO 78288 --- [nacos-grpc-client-executor-9] com.alibaba.nacos.common.remote.client   : [6ab7457d-2ab9-4c16-8af9-5afa2072bdee] Receive server push request, request = NotifySubscriberRequest, requestId = 4
11:11:10:783  INFO 78288 --- [nacos-grpc-client-executor-9] com.alibaba.nacos.common.remote.client   : [6ab7457d-2ab9-4c16-8af9-5afa2072bdee] Ack server push request, request = NotifySubscriberRequest, requestId = 4
11:11:11:019  INFO 78288 --- [main] d.s.w.p.DocumentationPluginsBootstrapper : Documentation plugins bootstrapped
11:11:11:027  INFO 78288 --- [main] d.s.w.p.DocumentationPluginsBootstrapper : Found 1 custom documentation plugin(s)
11:11:11:087  INFO 78288 --- [main] s.d.s.w.s.ApiListingReferenceScanner     : Scanning for api listing references
11:11:11:289  INFO 78288 --- [main] com.hmall.pay.PayApplication             : Started PayApplication in 19.595 seconds (JVM running for 22.254)
11:18:50:896  WARN 78288 --- [Thread-4] c.a.nacos.common.notify.NotifyCenter     : [NotifyCenter] Start destroying Publisher
11:18:50:897  WARN 78288 --- [Thread-7] c.a.n.common.http.HttpClientBeanHolder   : [HttpClientBeanHolder] Start destroying common HttpClient
11:18:50:897  WARN 78288 --- [Thread-4] c.a.nacos.common.notify.NotifyCenter     : [NotifyCenter] Destruction of the end
11:18:50:898  WARN 78288 --- [Thread-7] c.a.n.common.http.HttpClientBeanHolder   : [HttpClientBeanHolder] Destruction of the end
11:18:51:023  INFO 78288 --- [SpringApplicationShutdownHook] c.a.c.n.registry.NacosServiceRegistry    : De-registering from Nacos Server now...
11:18:51:032  INFO 78288 --- [SpringApplicationShutdownHook] c.a.c.n.registry.NacosServiceRegistry    : De-registration finished.
11:18:51:343  INFO 78288 --- [SpringApplicationShutdownHook] com.alibaba.nacos.common.remote.client   : Shutdown rpc client, set status to shutdown
11:18:51:343  INFO 78288 --- [SpringApplicationShutdownHook] com.alibaba.nacos.common.remote.client   : Shutdown client event executor java.util.concurrent.ScheduledThreadPoolExecutor@20343a55[Running, pool size = 2, active threads = 2, queued tasks = 0, completed tasks = 0]
11:18:51:344  INFO 78288 --- [SpringApplicationShutdownHook] com.alibaba.nacos.common.remote.client   : Close current connection 1781665869621_192.168.31.4_8002
11:18:51:356  INFO 78288 --- [SpringApplicationShutdownHook] c.a.n.c.remote.client.grpc.GrpcClient    : Shutdown grpc executor java.util.concurrent.ThreadPoolExecutor@564aa3a3[Running, pool size = 4, active threads = 0, queued tasks = 0, completed tasks = 106]
11:18:57:070  INFO 91032 --- [main] com.hmall.pay.PayApplication             : Starting PayApplication using Java 17.0.6 on DESKTOP-AHH2H43 with PID 91032 (C:\Users\19263\Desktop\hmall1\pay-service\target\classes started by 19263 in C:\Users\19263\Desktop\hmall1)
11:18:57:075 DEBUG 91032 --- [main] com.hmall.pay.PayApplication             : Running with Spring Boot v2.7.12, Spring v5.3.27
11:18:57:076  INFO 91032 --- [main] com.hmall.pay.PayApplication             : The following 1 profile is active: "local"
11:19:00:084  INFO 91032 --- [main] o.s.cloud.context.scope.GenericScope     : BeanFactory id=f1f7c603-370d-355e-8737-8b3123b56555
11:19:01:356  INFO 91032 --- [main] o.s.b.w.embedded.tomcat.TomcatWebServer  : Tomcat initialized with port(s): 8086 (http)
11:19:01:381  INFO 91032 --- [main] o.apache.catalina.core.StandardService   : Starting service [Tomcat]
11:19:01:382  INFO 91032 --- [main] org.apache.catalina.core.StandardEngine  : Starting Servlet engine: [Apache Tomcat/9.0.75]
11:19:01:811  INFO 91032 --- [main] o.a.c.c.C.[Tomcat].[localhost].[/]       : Initializing Spring embedded WebApplicationContext
11:19:01:812  INFO 91032 --- [main] w.s.c.ServletWebServerApplicationContext : Root WebApplicationContext: initialization completed in 4602 ms
11:19:02:376  INFO 91032 --- [main] o.s.c.openfeign.FeignClientFactoryBean   : For 'user-service' URL not provided. Will try picking an instance via load-balancing.
11:19:02:536  INFO 91032 --- [main] o.s.c.openfeign.FeignClientFactoryBean   : For 'trade-service' URL not provided. Will try picking an instance via load-balancing.
11:19:05:621  INFO 91032 --- [main] pertySourcedRequestMappingHandlerMapping : Mapped URL path [/v2/api-docs] onto method [springfox.documentation.swagger2.web.Swagger2ControllerWebMvc#getDocumentation(String, HttpServletRequest)]
11:19:07:061  INFO 91032 --- [main] com.alibaba.nacos.common.remote.client   : [RpcClientFactory] create a new rpc client of 5958b012-d075-40c7-afa0-75d5d4880759
11:19:07:254  INFO 91032 --- [main] org.reflections.Reflections              : Reflections took 93 ms to scan 1 urls, producing 3 keys and 6 values 
11:19:07:337  INFO 91032 --- [main] org.reflections.Reflections              : Reflections took 32 ms to scan 1 urls, producing 4 keys and 9 values 
11:19:07:378  INFO 91032 --- [main] org.reflections.Reflections              : Reflections took 32 ms to scan 1 urls, producing 3 keys and 10 values 
11:19:07:385  WARN 91032 --- [main] org.reflections.Reflections              : given scan urls are empty. set urls in the configuration
11:19:07:403  INFO 91032 --- [main] org.reflections.Reflections              : Reflections took 16 ms to scan 1 urls, producing 1 keys and 5 values 
11:19:07:434  INFO 91032 --- [main] org.reflections.Reflections              : Reflections took 26 ms to scan 1 urls, producing 1 keys and 7 values 
11:19:07:462  INFO 91032 --- [main] org.reflections.Reflections              : Reflections took 18 ms to scan 1 urls, producing 2 keys and 8 values 
11:19:07:468  WARN 91032 --- [main] org.reflections.Reflections              : given scan urls are empty. set urls in the configuration
11:19:07:471  INFO 91032 --- [main] com.alibaba.nacos.common.remote.client   : [5958b012-d075-40c7-afa0-75d5d4880759] RpcClient init label, labels = {module=naming, source=sdk}
11:19:07:477  INFO 91032 --- [main] com.alibaba.nacos.common.remote.client   : [5958b012-d075-40c7-afa0-75d5d4880759] RpcClient init, ServerListFactory = com.alibaba.nacos.client.naming.core.ServerListManager
11:19:07:477  INFO 91032 --- [main] com.alibaba.nacos.common.remote.client   : [5958b012-d075-40c7-afa0-75d5d4880759] Registry connection listener to current client:com.alibaba.nacos.client.naming.remote.gprc.redo.NamingGrpcRedoService
11:19:07:479  INFO 91032 --- [main] com.alibaba.nacos.common.remote.client   : [5958b012-d075-40c7-afa0-75d5d4880759] Register server push request handler:com.alibaba.nacos.client.naming.remote.gprc.NamingPushRequestHandler
11:19:07:487  INFO 91032 --- [main] com.alibaba.nacos.common.remote.client   : [5958b012-d075-40c7-afa0-75d5d4880759] Try to connect to server on start up, server: {serverIp = '192.168.31.23', server main port = 8848}
11:19:11:310  INFO 91032 --- [main] com.alibaba.nacos.common.remote.client   : [5958b012-d075-40c7-afa0-75d5d4880759] Success to connect to server [192.168.31.23:8848] on start up, connectionId = 1781666350751_192.168.31.4_5130
11:19:11:312  INFO 91032 --- [com.alibaba.nacos.client.remote.worker] com.alibaba.nacos.common.remote.client   : [5958b012-d075-40c7-afa0-75d5d4880759] Notify connected event to listeners.
11:19:11:313  INFO 91032 --- [main] com.alibaba.nacos.common.remote.client   : [5958b012-d075-40c7-afa0-75d5d4880759] Register server push request handler:com.alibaba.nacos.common.remote.client.RpcClient$ConnectResetRequestHandler
11:19:11:314  INFO 91032 --- [main] com.alibaba.nacos.common.remote.client   : [5958b012-d075-40c7-afa0-75d5d4880759] Register server push request handler:com.alibaba.nacos.common.remote.client.RpcClient$$Lambda$991/0x0000000801419ed8
11:19:11:478  INFO 91032 --- [main] o.s.b.w.embedded.tomcat.TomcatWebServer  : Tomcat started on port(s): 8086 (http) with context path ''
11:19:11:515  INFO 91032 --- [main] c.a.c.n.registry.NacosServiceRegistry    : nacos registry, DEFAULT_GROUP pay-service 192.168.31.4:8086 register finished
11:19:11:940  INFO 91032 --- [nacos-grpc-client-executor-8] com.alibaba.nacos.common.remote.client   : [5958b012-d075-40c7-afa0-75d5d4880759] Receive server push request, request = NotifySubscriberRequest, requestId = 7
11:19:11:949  INFO 91032 --- [nacos-grpc-client-executor-8] com.alibaba.nacos.common.remote.client   : [5958b012-d075-40c7-afa0-75d5d4880759] Ack server push request, request = NotifySubscriberRequest, requestId = 7
11:19:12:523  INFO 91032 --- [main] d.s.w.p.DocumentationPluginsBootstrapper : Documentation plugins bootstrapped
11:19:12:533  INFO 91032 --- [main] d.s.w.p.DocumentationPluginsBootstrapper : Found 1 custom documentation plugin(s)
11:19:12:611  INFO 91032 --- [main] s.d.s.w.s.ApiListingReferenceScanner     : Scanning for api listing references
11:19:12:920  INFO 91032 --- [main] com.hmall.pay.PayApplication             : Started PayApplication in 17.687 seconds (JVM running for 19.611)
11:31:50:756  WARN 91032 --- [Thread-4] c.a.nacos.common.notify.NotifyCenter     : [NotifyCenter] Start destroying Publisher
11:31:50:756  WARN 91032 --- [Thread-7] c.a.n.common.http.HttpClientBeanHolder   : [HttpClientBeanHolder] Start destroying common HttpClient
11:31:50:757  WARN 91032 --- [Thread-4] c.a.nacos.common.notify.NotifyCenter     : [NotifyCenter] Destruction of the end
11:31:50:758  WARN 91032 --- [Thread-7] c.a.n.common.http.HttpClientBeanHolder   : [HttpClientBeanHolder] Destruction of the end
11:31:50:810  INFO 91032 --- [SpringApplicationShutdownHook] c.a.c.n.registry.NacosServiceRegistry    : De-registering from Nacos Server now...
11:31:50:815  INFO 91032 --- [SpringApplicationShutdownHook] c.a.c.n.registry.NacosServiceRegistry    : De-registration finished.
11:31:51:121  INFO 91032 --- [SpringApplicationShutdownHook] com.alibaba.nacos.common.remote.client   : Shutdown rpc client, set status to shutdown
11:31:51:121  INFO 91032 --- [SpringApplicationShutdownHook] com.alibaba.nacos.common.remote.client   : Shutdown client event executor java.util.concurrent.ScheduledThreadPoolExecutor@2a89b41a[Running, pool size = 2, active threads = 2, queued tasks = 0, completed tasks = 0]
11:31:51:121  INFO 91032 --- [SpringApplicationShutdownHook] com.alibaba.nacos.common.remote.client   : Close current connection 1781666350751_192.168.31.4_5130
11:31:51:124  INFO 91032 --- [nacos-grpc-client-executor-164] c.a.n.c.remote.client.grpc.GrpcClient    : [1781666350751_192.168.31.4_5130]Ignore complete event,isRunning:false,isAbandon=false
11:31:51:132  INFO 91032 --- [SpringApplicationShutdownHook] c.a.n.c.remote.client.grpc.GrpcClient    : Shutdown grpc executor java.util.concurrent.ThreadPoolExecutor@41dbf354[Running, pool size = 5, active threads = 0, queued tasks = 0, completed tasks = 165]
11:31:57:017  INFO 83512 --- [main] com.hmall.pay.PayApplication             : Starting PayApplication using Java 17.0.6 on DESKTOP-AHH2H43 with PID 83512 (C:\Users\19263\Desktop\hmall1\pay-service\target\classes started by 19263 in C:\Users\19263\Desktop\hmall1)
11:31:57:021 DEBUG 83512 --- [main] com.hmall.pay.PayApplication             : Running with Spring Boot v2.7.12, Spring v5.3.27
11:31:57:022  INFO 83512 --- [main] com.hmall.pay.PayApplication             : The following 1 profile is active: "local"
11:31:58:622  INFO 83512 --- [main] o.s.cloud.context.scope.GenericScope     : BeanFactory id=f1f7c603-370d-355e-8737-8b3123b56555
11:31:59:351  INFO 83512 --- [main] o.s.b.w.embedded.tomcat.TomcatWebServer  : Tomcat initialized with port(s): 8086 (http)
11:31:59:364  INFO 83512 --- [main] o.apache.catalina.core.StandardService   : Starting service [Tomcat]
11:31:59:364  INFO 83512 --- [main] org.apache.catalina.core.StandardEngine  : Starting Servlet engine: [Apache Tomcat/9.0.75]
11:31:59:613  INFO 83512 --- [main] o.a.c.c.C.[Tomcat].[localhost].[/]       : Initializing Spring embedded WebApplicationContext
11:31:59:613  INFO 83512 --- [main] w.s.c.ServletWebServerApplicationContext : Root WebApplicationContext: initialization completed in 2501 ms
11:31:59:889  INFO 83512 --- [main] o.s.c.openfeign.FeignClientFactoryBean   : For 'user-service' URL not provided. Will try picking an instance via load-balancing.
11:31:59:970  INFO 83512 --- [main] o.s.c.openfeign.FeignClientFactoryBean   : For 'trade-service' URL not provided. Will try picking an instance via load-balancing.
11:32:01:688  INFO 83512 --- [main] pertySourcedRequestMappingHandlerMapping : Mapped URL path [/v2/api-docs] onto method [springfox.documentation.swagger2.web.Swagger2ControllerWebMvc#getDocumentation(String, HttpServletRequest)]
11:32:02:395  INFO 83512 --- [main] com.alibaba.nacos.common.remote.client   : [RpcClientFactory] create a new rpc client of 837becbc-9ae4-45c4-b9f2-0bbcc399b3ea
11:32:02:490  INFO 83512 --- [main] org.reflections.Reflections              : Reflections took 42 ms to scan 1 urls, producing 3 keys and 6 values 
11:32:02:547  INFO 83512 --- [main] org.reflections.Reflections              : Reflections took 23 ms to scan 1 urls, producing 4 keys and 9 values 
11:32:02:575  INFO 83512 --- [main] org.reflections.Reflections              : Reflections took 20 ms to scan 1 urls, producing 3 keys and 10 values 
11:32:02:580  WARN 83512 --- [main] org.reflections.Reflections              : given scan urls are empty. set urls in the configuration
11:32:02:595  INFO 83512 --- [main] org.reflections.Reflections              : Reflections took 13 ms to scan 1 urls, producing 1 keys and 5 values 
11:32:02:616  INFO 83512 --- [main] org.reflections.Reflections              : Reflections took 16 ms to scan 1 urls, producing 1 keys and 7 values 
11:32:02:633  INFO 83512 --- [main] org.reflections.Reflections              : Reflections took 11 ms to scan 1 urls, producing 2 keys and 8 values 
11:32:02:639  WARN 83512 --- [main] org.reflections.Reflections              : given scan urls are empty. set urls in the configuration
11:32:02:641  INFO 83512 --- [main] com.alibaba.nacos.common.remote.client   : [837becbc-9ae4-45c4-b9f2-0bbcc399b3ea] RpcClient init label, labels = {module=naming, source=sdk}
11:32:02:646  INFO 83512 --- [main] com.alibaba.nacos.common.remote.client   : [837becbc-9ae4-45c4-b9f2-0bbcc399b3ea] RpcClient init, ServerListFactory = com.alibaba.nacos.client.naming.core.ServerListManager
11:32:02:646  INFO 83512 --- [main] com.alibaba.nacos.common.remote.client   : [837becbc-9ae4-45c4-b9f2-0bbcc399b3ea] Registry connection listener to current client:com.alibaba.nacos.client.naming.remote.gprc.redo.NamingGrpcRedoService
11:32:02:648  INFO 83512 --- [main] com.alibaba.nacos.common.remote.client   : [837becbc-9ae4-45c4-b9f2-0bbcc399b3ea] Register server push request handler:com.alibaba.nacos.client.naming.remote.gprc.NamingPushRequestHandler
11:32:02:653  INFO 83512 --- [main] com.alibaba.nacos.common.remote.client   : [837becbc-9ae4-45c4-b9f2-0bbcc399b3ea] Try to connect to server on start up, server: {serverIp = '192.168.31.23', server main port = 8848}
11:32:04:916  INFO 83512 --- [main] com.alibaba.nacos.common.remote.client   : [837becbc-9ae4-45c4-b9f2-0bbcc399b3ea] Success to connect to server [192.168.31.23:8848] on start up, connectionId = 1781667124485_192.168.31.4_2416
11:32:04:917  INFO 83512 --- [com.alibaba.nacos.client.remote.worker] com.alibaba.nacos.common.remote.client   : [837becbc-9ae4-45c4-b9f2-0bbcc399b3ea] Notify connected event to listeners.
11:32:04:918  INFO 83512 --- [main] com.alibaba.nacos.common.remote.client   : [837becbc-9ae4-45c4-b9f2-0bbcc399b3ea] Register server push request handler:com.alibaba.nacos.common.remote.client.RpcClient$ConnectResetRequestHandler
11:32:04:918  INFO 83512 --- [main] com.alibaba.nacos.common.remote.client   : [837becbc-9ae4-45c4-b9f2-0bbcc399b3ea] Register server push request handler:com.alibaba.nacos.common.remote.client.RpcClient$$Lambda$991/0x0000000801419688
11:32:05:025  INFO 83512 --- [main] o.s.b.w.embedded.tomcat.TomcatWebServer  : Tomcat started on port(s): 8086 (http) with context path ''
11:32:05:045  INFO 83512 --- [main] c.a.c.n.registry.NacosServiceRegistry    : nacos registry, DEFAULT_GROUP pay-service 192.168.31.4:8086 register finished
11:32:05:440  INFO 83512 --- [main] d.s.w.p.DocumentationPluginsBootstrapper : Documentation plugins bootstrapped
11:32:05:447  INFO 83512 --- [main] d.s.w.p.DocumentationPluginsBootstrapper : Found 1 custom documentation plugin(s)
11:32:05:478  INFO 83512 --- [nacos-grpc-client-executor-9] com.alibaba.nacos.common.remote.client   : [837becbc-9ae4-45c4-b9f2-0bbcc399b3ea] Receive server push request, request = NotifySubscriberRequest, requestId = 13
11:32:05:484  INFO 83512 --- [nacos-grpc-client-executor-9] com.alibaba.nacos.common.remote.client   : [837becbc-9ae4-45c4-b9f2-0bbcc399b3ea] Ack server push request, request = NotifySubscriberRequest, requestId = 13
11:32:05:511  INFO 83512 --- [main] s.d.s.w.s.ApiListingReferenceScanner     : Scanning for api listing references
11:32:05:723  INFO 83512 --- [main] com.hmall.pay.PayApplication             : Started PayApplication in 10.626 seconds (JVM running for 12.69)
