21:54:30:023  INFO 92756 --- [main] com.hmall.user.UserServiceApplication    : Starting UserServiceApplication using Java 17.0.6 on DESKTOP-AHH2H43 with PID 92756 (C:\Users\19263\Desktop\hmall1\user-service\target\classes started by 19263 in C:\Users\19263\Desktop\hmall1)
21:54:30:033 DEBUG 92756 --- [main] com.hmall.user.UserServiceApplication    : Running with Spring Boot v2.7.12, Spring v5.3.27
21:54:30:034  INFO 92756 --- [main] com.hmall.user.UserServiceApplication    : The following 1 profile is active: "local"
21:54:31:949 ERROR 92756 --- [main] o.s.boot.SpringApplication               : Application run failed

java.lang.IllegalStateException: Error processing condition on org.springframework.boot.autoconfigure.jmx.JmxAutoConfiguration.mbeanExporter
	at org.springframework.boot.autoconfigure.condition.SpringBootCondition.matches(SpringBootCondition.java:60) ~[spring-boot-autoconfigure-2.7.12.jar:2.7.12]
	at org.springframework.context.annotation.ConditionEvaluator.shouldSkip(ConditionEvaluator.java:108) ~[spring-context-5.3.27.jar:5.3.27]
	at org.springframework.context.annotation.ConfigurationClassBeanDefinitionReader.loadBeanDefinitionsForBeanMethod(ConfigurationClassBeanDefinitionReader.java:193) ~[spring-context-5.3.27.jar:5.3.27]
	at org.springframework.context.annotation.ConfigurationClassBeanDefinitionReader.loadBeanDefinitionsForConfigurationClass(ConfigurationClassBeanDefinitionReader.java:153) ~[spring-context-5.3.27.jar:5.3.27]
	at org.springframework.context.annotation.ConfigurationClassBeanDefinitionReader.loadBeanDefinitions(ConfigurationClassBeanDefinitionReader.java:129) ~[spring-context-5.3.27.jar:5.3.27]
	at org.springframework.context.annotation.ConfigurationClassPostProcessor.processConfigBeanDefinitions(ConfigurationClassPostProcessor.java:343) ~[spring-context-5.3.27.jar:5.3.27]
	at org.springframework.context.annotation.ConfigurationClassPostProcessor.postProcessBeanDefinitionRegistry(ConfigurationClassPostProcessor.java:247) ~[spring-context-5.3.27.jar:5.3.27]
	at org.springframework.context.support.PostProcessorRegistrationDelegate.invokeBeanDefinitionRegistryPostProcessors(PostProcessorRegistrationDelegate.java:311) ~[spring-context-5.3.27.jar:5.3.27]
	at org.springframework.context.support.PostProcessorRegistrationDelegate.invokeBeanFactoryPostProcessors(PostProcessorRegistrationDelegate.java:112) ~[spring-context-5.3.27.jar:5.3.27]
	at org.springframework.context.support.AbstractApplicationContext.invokeBeanFactoryPostProcessors(AbstractApplicationContext.java:748) ~[spring-context-5.3.27.jar:5.3.27]
	at org.springframework.context.support.AbstractApplicationContext.refresh(AbstractApplicationContext.java:564) ~[spring-context-5.3.27.jar:5.3.27]
	at org.springframework.boot.web.servlet.context.ServletWebServerApplicationContext.refresh(ServletWebServerApplicationContext.java:147) ~[spring-boot-2.7.12.jar:2.7.12]
	at org.springframework.boot.SpringApplication.refresh(SpringApplication.java:731) ~[spring-boot-2.7.12.jar:2.7.12]
	at org.springframework.boot.SpringApplication.refreshContext(SpringApplication.java:408) ~[spring-boot-2.7.12.jar:2.7.12]
	at org.springframework.boot.SpringApplication.run(SpringApplication.java:307) ~[spring-boot-2.7.12.jar:2.7.12]
	at org.springframework.boot.SpringApplication.run(SpringApplication.java:1303) ~[spring-boot-2.7.12.jar:2.7.12]
	at org.springframework.boot.SpringApplication.run(SpringApplication.java:1292) ~[spring-boot-2.7.12.jar:2.7.12]
	at com.hmall.user.UserServiceApplication.main(UserServiceApplication.java:11) ~[classes/:na]
Caused by: java.lang.IllegalStateException: Failed to introspect Class [com.hmall.common.config.Mqconfig] from ClassLoader [jdk.internal.loader.ClassLoaders$AppClassLoader@63947c6b]
	at org.springframework.util.ReflectionUtils.getDeclaredMethods(ReflectionUtils.java:485) ~[spring-core-5.3.27.jar:5.3.27]
	at org.springframework.util.ReflectionUtils.doWithMethods(ReflectionUtils.java:361) ~[spring-core-5.3.27.jar:5.3.27]
	at org.springframework.util.ReflectionUtils.getUniqueDeclaredMethods(ReflectionUtils.java:418) ~[spring-core-5.3.27.jar:5.3.27]
	at org.springframework.beans.factory.support.AbstractAutowireCapableBeanFactory.lambda$getTypeForFactoryMethod$2(AbstractAutowireCapableBeanFactory.java:765) ~[spring-beans-5.3.27.jar:5.3.27]
	at java.base/java.util.concurrent.ConcurrentHashMap.computeIfAbsent(ConcurrentHashMap.java:1740) ~[na:na]
	at org.springframework.beans.factory.support.AbstractAutowireCapableBeanFactory.getTypeForFactoryMethod(AbstractAutowireCapableBeanFactory.java:764) ~[spring-beans-5.3.27.jar:5.3.27]
	at org.springframework.beans.factory.support.AbstractAutowireCapableBeanFactory.determineTargetType(AbstractAutowireCapableBeanFactory.java:703) ~[spring-beans-5.3.27.jar:5.3.27]
	at org.springframework.beans.factory.support.AbstractAutowireCapableBeanFactory.predictBeanType(AbstractAutowireCapableBeanFactory.java:674) ~[spring-beans-5.3.27.jar:5.3.27]
	at org.springframework.beans.factory.support.AbstractBeanFactory.isFactoryBean(AbstractBeanFactory.java:1684) ~[spring-beans-5.3.27.jar:5.3.27]
	at org.springframework.beans.factory.support.DefaultListableBeanFactory.doGetBeanNamesForType(DefaultListableBeanFactory.java:570) ~[spring-beans-5.3.27.jar:5.3.27]
	at org.springframework.beans.factory.support.DefaultListableBeanFactory.getBeanNamesForType(DefaultListableBeanFactory.java:542) ~[spring-beans-5.3.27.jar:5.3.27]
	at org.springframework.boot.autoconfigure.condition.OnBeanCondition.collectBeanNamesForType(OnBeanCondition.java:246) ~[spring-boot-autoconfigure-2.7.12.jar:2.7.12]
	at org.springframework.boot.autoconfigure.condition.OnBeanCondition.getBeanNamesForType(OnBeanCondition.java:239) ~[spring-boot-autoconfigure-2.7.12.jar:2.7.12]
	at org.springframework.boot.autoconfigure.condition.OnBeanCondition.getBeanNamesForType(OnBeanCondition.java:229) ~[spring-boot-autoconfigure-2.7.12.jar:2.7.12]
	at org.springframework.boot.autoconfigure.condition.OnBeanCondition.getMatchingBeans(OnBeanCondition.java:182) ~[spring-boot-autoconfigure-2.7.12.jar:2.7.12]
	at org.springframework.boot.autoconfigure.condition.OnBeanCondition.getMatchOutcome(OnBeanCondition.java:157) ~[spring-boot-autoconfigure-2.7.12.jar:2.7.12]
	at org.springframework.boot.autoconfigure.condition.SpringBootCondition.matches(SpringBootCondition.java:47) ~[spring-boot-autoconfigure-2.7.12.jar:2.7.12]
	... 17 common frames omitted
Caused by: java.lang.NoClassDefFoundError: org/springframework/amqp/support/converter/MessageConverter
	at java.base/java.lang.Class.getDeclaredMethods0(Native Method) ~[na:na]
	at java.base/java.lang.Class.privateGetDeclaredMethods(Class.java:3402) ~[na:na]
	at java.base/java.lang.Class.getDeclaredMethods(Class.java:2504) ~[na:na]
	at org.springframework.util.ReflectionUtils.getDeclaredMethods(ReflectionUtils.java:467) ~[spring-core-5.3.27.jar:5.3.27]
	... 33 common frames omitted
Caused by: java.lang.ClassNotFoundException: org.springframework.amqp.support.converter.MessageConverter
	at java.base/jdk.internal.loader.BuiltinClassLoader.loadClass(BuiltinClassLoader.java:641) ~[na:na]
	at java.base/jdk.internal.loader.ClassLoaders$AppClassLoader.loadClass(ClassLoaders.java:188) ~[na:na]
	at java.base/java.lang.ClassLoader.loadClass(ClassLoader.java:520) ~[na:na]
	... 37 common frames omitted

21:54:31:964  WARN 92756 --- [main] o.s.boot.SpringApplication               : Unable to close ApplicationContext

java.lang.IllegalStateException: Failed to introspect Class [com.hmall.common.config.Mqconfig] from ClassLoader [jdk.internal.loader.ClassLoaders$AppClassLoader@63947c6b]
	at org.springframework.util.ReflectionUtils.getDeclaredMethods(ReflectionUtils.java:485) ~[spring-core-5.3.27.jar:5.3.27]
	at org.springframework.util.ReflectionUtils.doWithMethods(ReflectionUtils.java:361) ~[spring-core-5.3.27.jar:5.3.27]
	at org.springframework.util.ReflectionUtils.getUniqueDeclaredMethods(ReflectionUtils.java:418) ~[spring-core-5.3.27.jar:5.3.27]
	at org.springframework.beans.factory.support.AbstractAutowireCapableBeanFactory.lambda$getTypeForFactoryMethod$2(AbstractAutowireCapableBeanFactory.java:765) ~[spring-beans-5.3.27.jar:5.3.27]
	at java.base/java.util.concurrent.ConcurrentHashMap.computeIfAbsent(ConcurrentHashMap.java:1740) ~[na:na]
	at org.springframework.beans.factory.support.AbstractAutowireCapableBeanFactory.getTypeForFactoryMethod(AbstractAutowireCapableBeanFactory.java:764) ~[spring-beans-5.3.27.jar:5.3.27]
	at org.springframework.beans.factory.support.AbstractAutowireCapableBeanFactory.determineTargetType(AbstractAutowireCapableBeanFactory.java:703) ~[spring-beans-5.3.27.jar:5.3.27]
	at org.springframework.beans.factory.support.AbstractAutowireCapableBeanFactory.predictBeanType(AbstractAutowireCapableBeanFactory.java:674) ~[spring-beans-5.3.27.jar:5.3.27]
	at org.springframework.beans.factory.support.AbstractBeanFactory.isFactoryBean(AbstractBeanFactory.java:1684) ~[spring-beans-5.3.27.jar:5.3.27]
	at org.springframework.beans.factory.support.DefaultListableBeanFactory.doGetBeanNamesForType(DefaultListableBeanFactory.java:570) ~[spring-beans-5.3.27.jar:5.3.27]
	at org.springframework.beans.factory.support.DefaultListableBeanFactory.getBeanNamesForType(DefaultListableBeanFactory.java:542) ~[spring-beans-5.3.27.jar:5.3.27]
	at org.springframework.beans.factory.support.DefaultListableBeanFactory.getBeansOfType(DefaultListableBeanFactory.java:669) ~[spring-beans-5.3.27.jar:5.3.27]
	at org.springframework.beans.factory.support.DefaultListableBeanFactory.getBeansOfType(DefaultListableBeanFactory.java:661) ~[spring-beans-5.3.27.jar:5.3.27]
	at org.springframework.context.support.AbstractApplicationContext.getBeansOfType(AbstractApplicationContext.java:1302) ~[spring-context-5.3.27.jar:5.3.27]
	at org.springframework.boot.SpringApplication.getExitCodeFromMappedException(SpringApplication.java:864) ~[spring-boot-2.7.12.jar:2.7.12]
	at org.springframework.boot.SpringApplication.getExitCodeFromException(SpringApplication.java:852) ~[spring-boot-2.7.12.jar:2.7.12]
	at org.springframework.boot.SpringApplication.handleExitCode(SpringApplication.java:839) ~[spring-boot-2.7.12.jar:2.7.12]
	at org.springframework.boot.SpringApplication.handleRunFailure(SpringApplication.java:779) ~[spring-boot-2.7.12.jar:2.7.12]
	at org.springframework.boot.SpringApplication.run(SpringApplication.java:317) ~[spring-boot-2.7.12.jar:2.7.12]
	at org.springframework.boot.SpringApplication.run(SpringApplication.java:1303) ~[spring-boot-2.7.12.jar:2.7.12]
	at org.springframework.boot.SpringApplication.run(SpringApplication.java:1292) ~[spring-boot-2.7.12.jar:2.7.12]
	at com.hmall.user.UserServiceApplication.main(UserServiceApplication.java:11) ~[classes/:na]
Caused by: java.lang.NoClassDefFoundError: org/springframework/amqp/support/converter/MessageConverter
	at java.base/java.lang.Class.getDeclaredMethods0(Native Method) ~[na:na]
	at java.base/java.lang.Class.privateGetDeclaredMethods(Class.java:3402) ~[na:na]
	at java.base/java.lang.Class.getDeclaredMethods(Class.java:2504) ~[na:na]
	at org.springframework.util.ReflectionUtils.getDeclaredMethods(ReflectionUtils.java:467) ~[spring-core-5.3.27.jar:5.3.27]
	... 21 common frames omitted
Caused by: java.lang.ClassNotFoundException: org.springframework.amqp.support.converter.MessageConverter
	at java.base/jdk.internal.loader.BuiltinClassLoader.loadClass(BuiltinClassLoader.java:641) ~[na:na]
	at java.base/jdk.internal.loader.ClassLoaders$AppClassLoader.loadClass(ClassLoaders.java:188) ~[na:na]
	at java.base/java.lang.ClassLoader.loadClass(ClassLoader.java:520) ~[na:na]
	... 25 common frames omitted

21:59:22:003  INFO 86268 --- [main] com.hmall.user.UserServiceApplication    : Starting UserServiceApplication using Java 17.0.6 on DESKTOP-AHH2H43 with PID 86268 (C:\Users\19263\Desktop\hmall1\user-service\target\classes started by 19263 in C:\Users\19263\Desktop\hmall1)
21:59:22:008 DEBUG 86268 --- [main] com.hmall.user.UserServiceApplication    : Running with Spring Boot v2.7.12, Spring v5.3.27
21:59:22:009  INFO 86268 --- [main] com.hmall.user.UserServiceApplication    : The following 1 profile is active: "local"
21:59:23:275  INFO 86268 --- [main] .s.d.r.c.RepositoryConfigurationDelegate : Multiple Spring Data modules found, entering strict repository configuration mode
21:59:23:281  INFO 86268 --- [main] .s.d.r.c.RepositoryConfigurationDelegate : Bootstrapping Spring Data Redis repositories in DEFAULT mode.
21:59:23:325  INFO 86268 --- [main] .s.d.r.c.RepositoryConfigurationDelegate : Finished Spring Data repository scanning in 14 ms. Found 0 Redis repository interfaces.
21:59:23:648  INFO 86268 --- [main] o.s.cloud.context.scope.GenericScope     : BeanFactory id=f3127bda-a189-372d-b22d-e3e841086d71
21:59:24:317  INFO 86268 --- [main] o.s.b.w.embedded.tomcat.TomcatWebServer  : Tomcat initialized with port(s): 8084 (http)
21:59:24:330  INFO 86268 --- [main] o.apache.catalina.core.StandardService   : Starting service [Tomcat]
21:59:24:331  INFO 86268 --- [main] org.apache.catalina.core.StandardEngine  : Starting Servlet engine: [Apache Tomcat/9.0.75]
21:59:24:545  INFO 86268 --- [main] o.a.c.c.C.[Tomcat].[localhost].[/]       : Initializing Spring embedded WebApplicationContext
21:59:24:545  INFO 86268 --- [main] w.s.c.ServletWebServerApplicationContext : Root WebApplicationContext: initialization completed in 2464 ms
21:59:27:592  INFO 86268 --- [main] o.s.cloud.commons.util.InetUtils         : Cannot determine local hostname
21:59:27:627  INFO 86268 --- [main] pertySourcedRequestMappingHandlerMapping : Mapped URL path [/v2/api-docs] onto method [springfox.documentation.swagger2.web.Swagger2ControllerWebMvc#getDocumentation(String, HttpServletRequest)]
21:59:29:477  INFO 86268 --- [main] o.s.cloud.commons.util.InetUtils         : Cannot determine local hostname
21:59:29:722  INFO 86268 --- [main] com.alibaba.nacos.common.remote.client   : [RpcClientFactory] create a new rpc client of 90b8674e-3bd9-4386-a8ec-59c28f9655cc
21:59:29:793  INFO 86268 --- [main] org.reflections.Reflections              : Reflections took 32 ms to scan 1 urls, producing 3 keys and 6 values 
21:59:29:821  INFO 86268 --- [main] org.reflections.Reflections              : Reflections took 9 ms to scan 1 urls, producing 4 keys and 9 values 
21:59:29:835  INFO 86268 --- [main] org.reflections.Reflections              : Reflections took 10 ms to scan 1 urls, producing 3 keys and 10 values 
21:59:29:836  WARN 86268 --- [main] org.reflections.Reflections              : given scan urls are empty. set urls in the configuration
21:59:29:844  INFO 86268 --- [main] org.reflections.Reflections              : Reflections took 7 ms to scan 1 urls, producing 1 keys and 5 values 
21:59:29:854  INFO 86268 --- [main] org.reflections.Reflections              : Reflections took 7 ms to scan 1 urls, producing 1 keys and 7 values 
21:59:29:863  INFO 86268 --- [main] org.reflections.Reflections              : Reflections took 6 ms to scan 1 urls, producing 2 keys and 8 values 
21:59:29:866  WARN 86268 --- [main] org.reflections.Reflections              : given scan urls are empty. set urls in the configuration
21:59:29:868  INFO 86268 --- [main] com.alibaba.nacos.common.remote.client   : [90b8674e-3bd9-4386-a8ec-59c28f9655cc] RpcClient init label, labels = {module=naming, source=sdk}
21:59:29:870  INFO 86268 --- [main] com.alibaba.nacos.common.remote.client   : [90b8674e-3bd9-4386-a8ec-59c28f9655cc] RpcClient init, ServerListFactory = com.alibaba.nacos.client.naming.core.ServerListManager
21:59:29:870  INFO 86268 --- [main] com.alibaba.nacos.common.remote.client   : [90b8674e-3bd9-4386-a8ec-59c28f9655cc] Registry connection listener to current client:com.alibaba.nacos.client.naming.remote.gprc.redo.NamingGrpcRedoService
21:59:29:871  INFO 86268 --- [main] com.alibaba.nacos.common.remote.client   : [90b8674e-3bd9-4386-a8ec-59c28f9655cc] Register server push request handler:com.alibaba.nacos.client.naming.remote.gprc.NamingPushRequestHandler
21:59:29:872  INFO 86268 --- [main] com.alibaba.nacos.common.remote.client   : [90b8674e-3bd9-4386-a8ec-59c28f9655cc] Try to connect to server on start up, server: {serverIp = '192.168.31.23', server main port = 8848}
21:59:31:298  INFO 86268 --- [main] com.alibaba.nacos.common.remote.client   : [90b8674e-3bd9-4386-a8ec-59c28f9655cc] Success to connect to server [192.168.31.23:8848] on start up, connectionId = 1781721450101_192.168.31.178_1950
21:59:31:298  INFO 86268 --- [com.alibaba.nacos.client.remote.worker] com.alibaba.nacos.common.remote.client   : [90b8674e-3bd9-4386-a8ec-59c28f9655cc] Notify connected event to listeners.
21:59:31:299  INFO 86268 --- [main] com.alibaba.nacos.common.remote.client   : [90b8674e-3bd9-4386-a8ec-59c28f9655cc] Register server push request handler:com.alibaba.nacos.common.remote.client.RpcClient$ConnectResetRequestHandler
21:59:31:299  INFO 86268 --- [main] com.alibaba.nacos.common.remote.client   : [90b8674e-3bd9-4386-a8ec-59c28f9655cc] Register server push request handler:com.alibaba.nacos.common.remote.client.RpcClient$$Lambda$1109/0x000000080150ad98
21:59:31:363  INFO 86268 --- [main] o.s.b.w.embedded.tomcat.TomcatWebServer  : Tomcat started on port(s): 8084 (http) with context path ''
21:59:31:378  INFO 86268 --- [main] c.a.c.n.registry.NacosServiceRegistry    : nacos registry, DEFAULT_GROUP user-service 192.168.56.1:8084 register finished
21:59:31:876  INFO 86268 --- [nacos-grpc-client-executor-9] com.alibaba.nacos.common.remote.client   : [90b8674e-3bd9-4386-a8ec-59c28f9655cc] Receive server push request, request = NotifySubscriberRequest, requestId = 47
21:59:31:880  INFO 86268 --- [nacos-grpc-client-executor-9] com.alibaba.nacos.common.remote.client   : [90b8674e-3bd9-4386-a8ec-59c28f9655cc] Ack server push request, request = NotifySubscriberRequest, requestId = 47
21:59:32:684  INFO 86268 --- [main] o.s.cloud.commons.util.InetUtils         : Cannot determine local hostname
21:59:32:684  INFO 86268 --- [main] d.s.w.p.DocumentationPluginsBootstrapper : Documentation plugins bootstrapped
21:59:32:688  INFO 86268 --- [main] d.s.w.p.DocumentationPluginsBootstrapper : Found 1 custom documentation plugin(s)
21:59:32:712  INFO 86268 --- [main] s.d.s.w.s.ApiListingReferenceScanner     : Scanning for api listing references
21:59:32:822  INFO 86268 --- [main] com.hmall.user.UserServiceApplication    : Started UserServiceApplication in 12.998 seconds (JVM running for 14.453)
22:00:49:336  INFO 86268 --- [http-nio-8084-exec-2] o.a.c.c.C.[Tomcat].[localhost].[/]       : Initializing Spring DispatcherServlet 'dispatcherServlet'
22:00:49:338  INFO 86268 --- [http-nio-8084-exec-2] o.s.web.servlet.DispatcherServlet        : Initializing Servlet 'dispatcherServlet'
22:00:49:339  INFO 86268 --- [http-nio-8084-exec-2] o.s.web.servlet.DispatcherServlet        : Completed initialization in 1 ms
22:00:49:554  WARN 86268 --- [http-nio-8084-exec-2] c.b.m.c.t.support.ReflectLambdaMeta      : Unable to make field private final java.lang.Class java.lang.invoke.SerializedLambda.capturingClass accessible: module java.base does not "opens java.lang.invoke" to unnamed module @5b6f7412
22:00:49:581  INFO 86268 --- [http-nio-8084-exec-2] com.zaxxer.hikari.HikariDataSource       : HikariPool-1 - Starting...
22:00:49:945  INFO 86268 --- [http-nio-8084-exec-2] com.zaxxer.hikari.HikariDataSource       : HikariPool-1 - Start completed.
22:00:49:955 DEBUG 86268 --- [http-nio-8084-exec-2] c.h.user.mapper.UserMapper.selectList    : ==>  Preparing: SELECT id,username,password,phone,create_time,update_time,status,balance FROM user WHERE (username = ?)
22:00:49:991 DEBUG 86268 --- [http-nio-8084-exec-2] c.h.user.mapper.UserMapper.selectList    : ==> Parameters: jack(String)
22:00:50:042 DEBUG 86268 --- [http-nio-8084-exec-2] c.h.user.mapper.UserMapper.selectList    : <==      Total: 1
22:01:18:751 DEBUG 86268 --- [http-nio-8084-exec-1] c.h.u.mapper.AddressMapper.selectList    : ==>  Preparing: SELECT id,user_id,province,city,town,mobile,street,contact,is_default,notes FROM address WHERE (user_id = ?)
22:01:18:752 DEBUG 86268 --- [http-nio-8084-exec-1] c.h.u.mapper.AddressMapper.selectList    : ==> Parameters: 1(Long)
22:01:18:759 DEBUG 86268 --- [http-nio-8084-exec-1] c.h.u.mapper.AddressMapper.selectList    : <==      Total: 4
22:06:30:142  INFO 86268 --- [nacos-grpc-client-executor-94] com.alibaba.nacos.common.remote.client   : [90b8674e-3bd9-4386-a8ec-59c28f9655cc] Receive server push request, request = ClientDetectionRequest, requestId = 59
22:06:30:143  INFO 86268 --- [nacos-grpc-client-executor-94] com.alibaba.nacos.common.remote.client   : [90b8674e-3bd9-4386-a8ec-59c28f9655cc] Ack server push request, request = ClientDetectionRequest, requestId = 59
22:09:25:784  INFO 86268 --- [http-nio-8084-exec-3] c.h.user.service.impl.UserServiceImpl    : 开始扣款
22:09:25:796 DEBUG 86268 --- [http-nio-8084-exec-3] c.h.user.mapper.UserMapper.selectById    : ==>  Preparing: SELECT id,username,password,phone,create_time,update_time,status,balance FROM user WHERE id=?
22:09:25:797 DEBUG 86268 --- [http-nio-8084-exec-3] c.h.user.mapper.UserMapper.selectById    : ==> Parameters: 1(Long)
22:09:25:802 DEBUG 86268 --- [http-nio-8084-exec-3] c.h.user.mapper.UserMapper.selectById    : <==      Total: 1
22:09:25:879 DEBUG 86268 --- [http-nio-8084-exec-3] c.h.user.mapper.UserMapper.updateMoney   : ==>  Preparing: update user set balance = balance - 394400 where id = ?
22:09:25:879 DEBUG 86268 --- [http-nio-8084-exec-3] c.h.user.mapper.UserMapper.updateMoney   : ==> Parameters: 1(Long)
22:09:25:887 DEBUG 86268 --- [http-nio-8084-exec-3] c.h.user.mapper.UserMapper.updateMoney   : <==    Updates: 1
22:09:25:887  INFO 86268 --- [http-nio-8084-exec-3] c.h.user.service.impl.UserServiceImpl    : 扣款成功
22:12:37:409 DEBUG 86268 --- [http-nio-8084-exec-6] c.h.u.mapper.AddressMapper.selectList    : ==>  Preparing: SELECT id,user_id,province,city,town,mobile,street,contact,is_default,notes FROM address WHERE (user_id = ?)
22:12:37:411 DEBUG 86268 --- [http-nio-8084-exec-6] c.h.u.mapper.AddressMapper.selectList    : ==> Parameters: 1(Long)
22:12:37:417 DEBUG 86268 --- [http-nio-8084-exec-6] c.h.u.mapper.AddressMapper.selectList    : <==      Total: 4
22:13:04:884  INFO 86268 --- [http-nio-8084-exec-7] c.h.user.service.impl.UserServiceImpl    : 开始扣款
22:13:04:886 DEBUG 86268 --- [http-nio-8084-exec-7] c.h.user.mapper.UserMapper.selectById    : ==>  Preparing: SELECT id,username,password,phone,create_time,update_time,status,balance FROM user WHERE id=?
22:13:04:886 DEBUG 86268 --- [http-nio-8084-exec-7] c.h.user.mapper.UserMapper.selectById    : ==> Parameters: 1(Long)
22:13:04:889 DEBUG 86268 --- [http-nio-8084-exec-7] c.h.user.mapper.UserMapper.selectById    : <==      Total: 1
22:13:04:967 DEBUG 86268 --- [http-nio-8084-exec-7] c.h.user.mapper.UserMapper.updateMoney   : ==>  Preparing: update user set balance = balance - 70800 where id = ?
22:13:04:968 DEBUG 86268 --- [http-nio-8084-exec-7] c.h.user.mapper.UserMapper.updateMoney   : ==> Parameters: 1(Long)
22:13:04:976 DEBUG 86268 --- [http-nio-8084-exec-7] c.h.user.mapper.UserMapper.updateMoney   : <==    Updates: 1
22:13:04:977  INFO 86268 --- [http-nio-8084-exec-7] c.h.user.service.impl.UserServiceImpl    : 扣款成功
22:17:32:399 DEBUG 86268 --- [http-nio-8084-exec-10] c.h.u.mapper.AddressMapper.selectList    : ==>  Preparing: SELECT id,user_id,province,city,town,mobile,street,contact,is_default,notes FROM address WHERE (user_id = ?)
22:17:32:400 DEBUG 86268 --- [http-nio-8084-exec-10] c.h.u.mapper.AddressMapper.selectList    : ==> Parameters: 1(Long)
22:17:32:404 DEBUG 86268 --- [http-nio-8084-exec-10] c.h.u.mapper.AddressMapper.selectList    : <==      Total: 4
22:17:37:780 DEBUG 86268 --- [http-nio-8084-exec-2] c.h.u.mapper.AddressMapper.selectList    : ==>  Preparing: SELECT id,user_id,province,city,town,mobile,street,contact,is_default,notes FROM address WHERE (user_id = ?)
22:17:37:781 DEBUG 86268 --- [http-nio-8084-exec-2] c.h.u.mapper.AddressMapper.selectList    : ==> Parameters: 1(Long)
22:17:37:788 DEBUG 86268 --- [http-nio-8084-exec-2] c.h.u.mapper.AddressMapper.selectList    : <==      Total: 4
22:17:52:897  INFO 86268 --- [http-nio-8084-exec-1] c.h.user.service.impl.UserServiceImpl    : 开始扣款
22:17:52:899 DEBUG 86268 --- [http-nio-8084-exec-1] c.h.user.mapper.UserMapper.selectById    : ==>  Preparing: SELECT id,username,password,phone,create_time,update_time,status,balance FROM user WHERE id=?
22:17:52:899 DEBUG 86268 --- [http-nio-8084-exec-1] c.h.user.mapper.UserMapper.selectById    : ==> Parameters: 1(Long)
22:17:52:901 DEBUG 86268 --- [http-nio-8084-exec-1] c.h.user.mapper.UserMapper.selectById    : <==      Total: 1
22:17:52:979 DEBUG 86268 --- [http-nio-8084-exec-1] c.h.user.mapper.UserMapper.updateMoney   : ==>  Preparing: update user set balance = balance - 224900 where id = ?
22:17:52:980 DEBUG 86268 --- [http-nio-8084-exec-1] c.h.user.mapper.UserMapper.updateMoney   : ==> Parameters: 1(Long)
22:17:52:986 DEBUG 86268 --- [http-nio-8084-exec-1] c.h.user.mapper.UserMapper.updateMoney   : <==    Updates: 1
22:17:52:986  INFO 86268 --- [http-nio-8084-exec-1] c.h.user.service.impl.UserServiceImpl    : 扣款成功
22:21:15:631 DEBUG 86268 --- [http-nio-8084-exec-5] c.h.u.mapper.AddressMapper.selectList    : ==>  Preparing: SELECT id,user_id,province,city,town,mobile,street,contact,is_default,notes FROM address WHERE (user_id = ?)
22:21:15:633 DEBUG 86268 --- [http-nio-8084-exec-5] c.h.u.mapper.AddressMapper.selectList    : ==> Parameters: 1(Long)
22:21:15:636 DEBUG 86268 --- [http-nio-8084-exec-5] c.h.u.mapper.AddressMapper.selectList    : <==      Total: 4
22:21:30:928  INFO 86268 --- [http-nio-8084-exec-6] c.h.user.service.impl.UserServiceImpl    : 开始扣款
22:21:30:930 DEBUG 86268 --- [http-nio-8084-exec-6] c.h.user.mapper.UserMapper.selectById    : ==>  Preparing: SELECT id,username,password,phone,create_time,update_time,status,balance FROM user WHERE id=?
22:21:30:930 DEBUG 86268 --- [http-nio-8084-exec-6] c.h.user.mapper.UserMapper.selectById    : ==> Parameters: 1(Long)
22:21:30:933 DEBUG 86268 --- [http-nio-8084-exec-6] c.h.user.mapper.UserMapper.selectById    : <==      Total: 1
22:21:31:010 DEBUG 86268 --- [http-nio-8084-exec-6] c.h.user.mapper.UserMapper.updateMoney   : ==>  Preparing: update user set balance = balance - 35400 where id = ?
22:21:31:011 DEBUG 86268 --- [http-nio-8084-exec-6] c.h.user.mapper.UserMapper.updateMoney   : ==> Parameters: 1(Long)
22:21:31:020 DEBUG 86268 --- [http-nio-8084-exec-6] c.h.user.mapper.UserMapper.updateMoney   : <==    Updates: 1
22:21:31:020  INFO 86268 --- [http-nio-8084-exec-6] c.h.user.service.impl.UserServiceImpl    : 扣款成功
22:26:36:000 DEBUG 86268 --- [http-nio-8084-exec-9] c.h.u.mapper.AddressMapper.selectList    : ==>  Preparing: SELECT id,user_id,province,city,town,mobile,street,contact,is_default,notes FROM address WHERE (user_id = ?)
22:26:36:001 DEBUG 86268 --- [http-nio-8084-exec-9] c.h.u.mapper.AddressMapper.selectList    : ==> Parameters: 1(Long)
22:26:36:005 DEBUG 86268 --- [http-nio-8084-exec-9] c.h.u.mapper.AddressMapper.selectList    : <==      Total: 4
22:26:43:038  INFO 86268 --- [http-nio-8084-exec-10] c.h.user.service.impl.UserServiceImpl    : 开始扣款
22:26:43:041 DEBUG 86268 --- [http-nio-8084-exec-10] c.h.user.mapper.UserMapper.selectById    : ==>  Preparing: SELECT id,username,password,phone,create_time,update_time,status,balance FROM user WHERE id=?
22:26:43:043 DEBUG 86268 --- [http-nio-8084-exec-10] c.h.user.mapper.UserMapper.selectById    : ==> Parameters: 1(Long)
22:26:43:046 DEBUG 86268 --- [http-nio-8084-exec-10] c.h.user.mapper.UserMapper.selectById    : <==      Total: 1
22:26:43:122 DEBUG 86268 --- [http-nio-8084-exec-10] c.h.user.mapper.UserMapper.updateMoney   : ==>  Preparing: update user set balance = balance - 9700 where id = ?
22:26:43:123 DEBUG 86268 --- [http-nio-8084-exec-10] c.h.user.mapper.UserMapper.updateMoney   : ==> Parameters: 1(Long)
22:26:43:129 DEBUG 86268 --- [http-nio-8084-exec-10] c.h.user.mapper.UserMapper.updateMoney   : <==    Updates: 1
22:26:43:130  INFO 86268 --- [http-nio-8084-exec-10] c.h.user.service.impl.UserServiceImpl    : 扣款成功
22:29:31:100 DEBUG 86268 --- [http-nio-8084-exec-4] c.h.u.mapper.AddressMapper.selectList    : ==>  Preparing: SELECT id,user_id,province,city,town,mobile,street,contact,is_default,notes FROM address WHERE (user_id = ?)
22:29:31:101 DEBUG 86268 --- [http-nio-8084-exec-4] c.h.u.mapper.AddressMapper.selectList    : ==> Parameters: 1(Long)
22:29:31:104 DEBUG 86268 --- [http-nio-8084-exec-4] c.h.u.mapper.AddressMapper.selectList    : <==      Total: 4
22:29:37:857  INFO 86268 --- [http-nio-8084-exec-3] c.h.user.service.impl.UserServiceImpl    : 开始扣款
22:29:37:859 DEBUG 86268 --- [http-nio-8084-exec-3] c.h.user.mapper.UserMapper.selectById    : ==>  Preparing: SELECT id,username,password,phone,create_time,update_time,status,balance FROM user WHERE id=?
22:29:37:859 DEBUG 86268 --- [http-nio-8084-exec-3] c.h.user.mapper.UserMapper.selectById    : ==> Parameters: 1(Long)
22:29:37:862 DEBUG 86268 --- [http-nio-8084-exec-3] c.h.user.mapper.UserMapper.selectById    : <==      Total: 1
22:29:37:938 DEBUG 86268 --- [http-nio-8084-exec-3] c.h.user.mapper.UserMapper.updateMoney   : ==>  Preparing: update user set balance = balance - 12800 where id = ?
22:29:37:938 DEBUG 86268 --- [http-nio-8084-exec-3] c.h.user.mapper.UserMapper.updateMoney   : ==> Parameters: 1(Long)
22:29:37:947 DEBUG 86268 --- [http-nio-8084-exec-3] c.h.user.mapper.UserMapper.updateMoney   : <==    Updates: 1
22:29:37:947  INFO 86268 --- [http-nio-8084-exec-3] c.h.user.service.impl.UserServiceImpl    : 扣款成功
22:40:59:235 DEBUG 86268 --- [http-nio-8084-exec-7] c.h.user.mapper.UserMapper.selectList    : ==>  Preparing: SELECT id,username,password,phone,create_time,update_time,status,balance FROM user WHERE (username = ?)
22:40:59:236 DEBUG 86268 --- [http-nio-8084-exec-7] c.h.user.mapper.UserMapper.selectList    : ==> Parameters: jack(String)
22:40:59:240 DEBUG 86268 --- [http-nio-8084-exec-7] c.h.user.mapper.UserMapper.selectList    : <==      Total: 1
22:41:04:622 DEBUG 86268 --- [http-nio-8084-exec-8] c.h.u.mapper.AddressMapper.selectList    : ==>  Preparing: SELECT id,user_id,province,city,town,mobile,street,contact,is_default,notes FROM address WHERE (user_id = ?)
22:41:04:624 DEBUG 86268 --- [http-nio-8084-exec-8] c.h.u.mapper.AddressMapper.selectList    : ==> Parameters: 1(Long)
22:41:04:629 DEBUG 86268 --- [http-nio-8084-exec-8] c.h.u.mapper.AddressMapper.selectList    : <==      Total: 4
22:41:14:047  INFO 86268 --- [http-nio-8084-exec-9] c.h.user.service.impl.UserServiceImpl    : 开始扣款
22:41:14:049 DEBUG 86268 --- [http-nio-8084-exec-9] c.h.user.mapper.UserMapper.selectById    : ==>  Preparing: SELECT id,username,password,phone,create_time,update_time,status,balance FROM user WHERE id=?
22:41:14:050 DEBUG 86268 --- [http-nio-8084-exec-9] c.h.user.mapper.UserMapper.selectById    : ==> Parameters: 1(Long)
22:41:14:051 DEBUG 86268 --- [http-nio-8084-exec-9] c.h.user.mapper.UserMapper.selectById    : <==      Total: 1
22:41:14:128 DEBUG 86268 --- [http-nio-8084-exec-9] c.h.user.mapper.UserMapper.updateMoney   : ==>  Preparing: update user set balance = balance - 58800 where id = ?
22:41:14:128 DEBUG 86268 --- [http-nio-8084-exec-9] c.h.user.mapper.UserMapper.updateMoney   : ==> Parameters: 1(Long)
22:41:14:136 DEBUG 86268 --- [http-nio-8084-exec-9] c.h.user.mapper.UserMapper.updateMoney   : <==    Updates: 1
22:41:14:136  INFO 86268 --- [http-nio-8084-exec-9] c.h.user.service.impl.UserServiceImpl    : 扣款成功
22:43:23:112 DEBUG 86268 --- [http-nio-8084-exec-1] c.h.u.mapper.AddressMapper.selectList    : ==>  Preparing: SELECT id,user_id,province,city,town,mobile,street,contact,is_default,notes FROM address WHERE (user_id = ?)
22:43:23:113 DEBUG 86268 --- [http-nio-8084-exec-1] c.h.u.mapper.AddressMapper.selectList    : ==> Parameters: 1(Long)
22:43:23:115 DEBUG 86268 --- [http-nio-8084-exec-1] c.h.u.mapper.AddressMapper.selectList    : <==      Total: 4
22:43:28:657  INFO 86268 --- [http-nio-8084-exec-4] c.h.user.service.impl.UserServiceImpl    : 开始扣款
22:43:28:659 DEBUG 86268 --- [http-nio-8084-exec-4] c.h.user.mapper.UserMapper.selectById    : ==>  Preparing: SELECT id,username,password,phone,create_time,update_time,status,balance FROM user WHERE id=?
22:43:28:659 DEBUG 86268 --- [http-nio-8084-exec-4] c.h.user.mapper.UserMapper.selectById    : ==> Parameters: 1(Long)
22:43:28:661 DEBUG 86268 --- [http-nio-8084-exec-4] c.h.user.mapper.UserMapper.selectById    : <==      Total: 1
22:43:28:734 DEBUG 86268 --- [http-nio-8084-exec-4] c.h.user.mapper.UserMapper.updateMoney   : ==>  Preparing: update user set balance = balance - 58800 where id = ?
22:43:28:735 DEBUG 86268 --- [http-nio-8084-exec-4] c.h.user.mapper.UserMapper.updateMoney   : ==> Parameters: 1(Long)
22:43:28:741 DEBUG 86268 --- [http-nio-8084-exec-4] c.h.user.mapper.UserMapper.updateMoney   : <==    Updates: 1
22:43:28:742  INFO 86268 --- [http-nio-8084-exec-4] c.h.user.service.impl.UserServiceImpl    : 扣款成功
